Microchip MPLAB XC8 Compiler V1.38 ()

Linker command line:

--edf=/Applications/microchip/xc8/v1.38/dat/en_msgs.txt -cs \
  -h+dist/XC8_PIC10F222/production/pic10_c_servo.X.production.sym \
  --cmf=dist/XC8_PIC10F222/production/pic10_c_servo.X.production.cmf -z \
  -Q10F222 -o/tmp/xcDpV2S6U \
  -Mdist/XC8_PIC10F222/production/pic10_c_servo.X.production.map -E1 \
  -ver=XC8 -ASTACK=014h-01bh -pstack=STACK -ACODE=00h-01FEh \
  -ASTRCODE=00h-01FEh -ASTRING=00h-0FFh -AENTRY=00h-0FFh-01FEh \
  -ABANK0=09h-01Dh -ARAM=09h-01Dh -AABS1=09h-01Fh -ACOMMON=01Ch-01Fh \
  -ASFR0=00h-08h \
  -preset_vec=01ffh,reset_wrap=0h,init,end_init,cinit,clrtext \
  -ppowerup=CODE -pfunctab=ENTRY -ACONFIG=0FFFh-0FFFh -pconfig=CONFIG \
  -DCONFIG=2 -AIDLOC=0200h-0203h -pidloc=IDLOC -DIDLOC=2 -pstrings=-STRING \
  -DCODE=2 -DSTRCODE=2 -DSTRING=2 -DCONST=2 -DENTRY=2 -k /tmp/xcF4CXu3w.obj \
  dist/XC8_PIC10F222/production/pic10_c_servo.X.production.obj 

Object code version is 3.11

Machine type is 10F222



                Name                               Link     Load   Length Selector   Space Scale
/tmp/xcF4CXu3w.obj
                end_init                              2        2        1        0       0
                reset_wrap                            0        0        2        0       0
                reset_vec                           1FF      1FF        1      3FE       0
                config                              FFF      FFF        1     1FFE       0
dist/XC8_PIC10F222/production/pic10_c_servo.X.production.obj
                cinit                                 3        3        2        0       0
                text2                               13B      13B       21      276       0
                jmp_tab                               5        5        2        0       0
                text1                               12A      12A       11      254       0
                maintext                            15C      15C       A3      2B8       0
                cstackBANK0                           9        9        B        9       1

TOTAL           Name                               Link     Load   Length     Space
        CLASS   STACK          

        CLASS   CODE           
                reset_vec                           1FF      1FF        1         0
                text2                               13B      13B       21         0
                text1                               12A      12A       11         0
                maintext                            15C      15C       A3         0

        CLASS   STRCODE        

        CLASS   STRING         

        CLASS   ENTRY          
                end_init                              2        2        1         0
                cinit                                 3        3        2         0
                reset_wrap                            0        0        2         0
                jmp_tab                               5        5        2         0

        CLASS   BANK0          
                cstackBANK0                           9        9        B         1

        CLASS   RAM            

        CLASS   ABS1           
                abs_s1                               1C       1C        4         1

        CLASS   COMMON         

        CLASS   SFR0           

        CLASS   CONFIG         
                config                              FFF      FFF        1         0

        CLASS   IDLOC          

        CLASS   CONST          



SEGMENTS        Name                           Load    Length   Top    Selector   Space  Class     Delta

                reset_wrap                     000000  000007  000007         0       0  ENTRY       2
                cstackBANK0                    000009  00000B  000014         9       1  BANK0       1
                text1                          00012A  000011  00013B       254       0  CODE        2
                text2                          00013B  000021  00015C       276       0  CODE        2
                maintext                       00015C  0000A3  0001FF       2B8       0  CODE        2
                reset_vec                      0001FF  000001  000200       3FE       0  CODE        2
                config                         000FFF  000001  001000      1FFE       0  CONFIG      2


UNUSED ADDRESS RANGES

        Name                Unused          Largest block    Delta
        BANK0            0014-001B              8           1
        CODE             0007-0129            123           2
        ENTRY            0007-00FF+002A         F9           2
        IDLOC            0200-0203              4           2
        RAM              0014-001B              8           1
        SFR0             0000-0008              9           1
        STACK            0014-001B              8           1
        STRCODE          0007-0129            123           2
        STRING           0007-00FF             F9           2

                                  Symbol Table

?_abs                    cstackBANK0  0009
Delay_ms@DELAY_CNT       cstackBANK0  0009
Delay_ms@i               cstackBANK0  000D
_ADON                    (abs)        0038
_ADRES                   (abs)        0008
_ANS0                    (abs)        003E
_ANS1                    (abs)        003F
_CHS0                    (abs)        003A
_CHS1                    (abs)        003B
_Delay_ms                text2        013B
_GO                      (abs)        0039
_GP1                     (abs)        0031
_GP2                     (abs)        0032
_GP3                     (abs)        0033
_OPTION                  (abs)        0000
_TRISGPIO                (abs)        0006
__CFG_CP$OFF             (abs)        0000
__CFG_IOSCFS$8MHZ        (abs)        0000
__CFG_MCLRE$OFF          (abs)        0000
__CFG_MCPU$OFF           (abs)        0000
__CFG_WDTE$OFF           (abs)        0000
__Habs1                  abs1         0000
__Hbank0                 bank0        0000
__Hcinit                 cinit        0005
__Hclrtext               clrtext      0005
__Hcode                  code         0000
__Hcommon                common       0000
__Hconfig                config       1000
__HcstackBANK0           cstackBANK0  0000
__HcstackCOMMON          cstackCOMMON 0000
__Hend_init              end_init     0003
__Hfunctab               functab      0000
__Hidloc                 idloc        0000
__Hinit                  init         0002
__Hjmp_tab               jmp_tab      0000
__Hmaintext              maintext     0000
__Hpowerup               powerup      0000
__Hram                   ram          0000
__Hreset_vec             reset_vec    0200
__Hreset_wrap            reset_wrap   0002
__Hsfr0                  sfr0         0000
__Hspace_0               (abs)        1000
__Hspace_1               (abs)        0014
__Hspace_2               (abs)        0000
__Hstack                 stack        0000
__Hstrings               strings      0000
__Htext                  text         0000
__Labs1                  abs1         0000
__Lbank0                 bank0        0000
__Lcinit                 cinit        0003
__Lclrtext               clrtext      0005
__Lcode                  code         0000
__Lcommon                common       0000
__Lconfig                config       0FFF
__LcstackBANK0           cstackBANK0  0000
__LcstackCOMMON          cstackCOMMON 0000
__Lend_init              end_init     0002
__Lfunctab               functab      0000
__Lidloc                 idloc        0000
__Linit                  init         0002
__Ljmp_tab               jmp_tab      0000
__Lmaintext              maintext     0000
__Lpowerup               powerup      0000
__Lram                   ram          0000
__Lreset_vec             reset_vec    01FF
__Lreset_wrap            reset_wrap   0000
__Lsfr0                  sfr0         0000
__Lspace_0               (abs)        0000
__Lspace_1               (abs)        0000
__Lspace_2               (abs)        0000
__Lstack                 stack        0000
__Lstrings               strings      0000
__Ltext                  text         0000
__S0                     (abs)        1000
__S1                     (abs)        0014
__S2                     (abs)        0000
___int_sp                stack        0000
___latbits               (abs)        0000
___sp                    stack        0000
__end_of_Delay_ms        text2        015C
__end_of__initialization cinit        0003
__end_of_abs             text1        013B
__end_of_main            maintext     01FF
__initialization         cinit        0003
__pcstackBANK0           cstackBANK0  0009
__pcstackCOMMON          cstackCOMMON 0000
__pjmp_tab               jmp_tab      0005
__pmaintext              maintext     015C
__ptext1                 text1        012A
__ptext2                 text2        013B
__size_of_Delay_ms       (abs)        0000
__size_of_abs            (abs)        0000
__size_of_main           (abs)        0000
_abs                     text1        012A
_main                    maintext     015C
_nDONE                   (abs)        0039
abs@t                    cstackBANK0  0009
btemp                    (abs)        001C
end_of_initialization    cinit        0003
entry__Delay_ms          jmp_tab      0006
entry__abs               jmp_tab      0005
ltemp                    (abs)        001C
ltemp0                   (abs)        001C
ltemp1                   (abs)        0020
ltemp2                   (abs)        0024
ltemp3                   (abs)        001E
main@max_width           cstackBANK0  0012
main@width               cstackBANK0  0010
reset_vec                reset_vec    01FF
stackhi                  (abs)        0000
stacklo                  (abs)        0000
start                    init         0002
start_initialization     cinit        0003
ttemp                    (abs)        001C
ttemp0                   (abs)        001C
ttemp1                   (abs)        001F
ttemp2                   (abs)        0022
ttemp3                   (abs)        0025
ttemp4                   (abs)        001D
wtemp                    (abs)        001C
wtemp0                   (abs)        001C
wtemp1                   (abs)        001E
wtemp2                   (abs)        0020
wtemp3                   (abs)        0022
wtemp4                   (abs)        0024
wtemp5                   (abs)        0026
wtemp6                   (abs)        001D


FUNCTION INFORMATION:

 *************** function _main *****************
 Defined at:
		line 26 in file "main3.c"
 Parameters:    Size  Location     Type
		None
 Auto vars:     Size  Location     Type
  max_width       2    9[BANK0 ] int 
  width           2    7[BANK0 ] int 
 Return value:  Size  Location     Type
                  1   41[None  ] void 
 Registers used:
		wreg, fsr0l, fsr0h, status,2, status,0, btemp+0, btemp+1, btemp+2, btemp+3, pclath, cstack
 Tracked objects:
		On entry : 
		On exit  : 
		Unchanged: 
 Data sizes:     COMMON   BANK0
      Params:         0       0
      Locals:         0       4
      Temps:          0       1
      Totals:         0       5
Total ram usage:        5 bytes
 Hardware stack levels required when called:    1
 This function calls:
		_Delay_ms
		_abs
 This function is called by:
		Startup code after reset
 This function uses a non-reentrant model


 *************** function _abs *****************
 Defined at:
		line 21 in file "main3.c"
 Parameters:    Size  Location     Type
  t               2    0[BANK0 ] int 
 Auto vars:     Size  Location     Type
		None
 Return value:  Size  Location     Type
                  2    0[BANK0 ] int 
 Registers used:
		wreg, fsr0l, fsr0h, status,2, status,0, btemp+0, btemp+1
 Tracked objects:
		On entry : 
		On exit  : 
		Unchanged: 
 Data sizes:     COMMON   BANK0
      Params:         0       2
      Locals:         0       0
      Temps:          0       0
      Totals:         0       2
Total ram usage:        2 bytes
 Hardware stack levels used:    1
 This function calls:
		Nothing
 This function is called by:
		_main
 This function uses a non-reentrant model


 *************** function _Delay_ms *****************
 Defined at:
		line 15 in file "main3.c"
 Parameters:    Size  Location     Type
  DELAY_CNT       2    0[BANK0 ] unsigned int 
 Auto vars:     Size  Location     Type
  i               2    4[BANK0 ] unsigned int 
 Return value:  Size  Location     Type
                  1    0[BANK0 ] void 
 Registers used:
		wreg, fsr0l, fsr0h, status,2, btemp+0, btemp+1
 Tracked objects:
		On entry : 
		On exit  : 
		Unchanged: 
 Data sizes:     COMMON   BANK0
      Params:         0       2
      Locals:         0       2
      Temps:          0       2
      Totals:         0       6
Total ram usage:        6 bytes
 Hardware stack levels used:    1
 This function calls:
		Nothing
 This function is called by:
		_main
 This function uses a non-reentrant model



MODULE INFORMATION

Module		Function		Class		Link	Load	Size
main3.c
		_abs           		CODE           	012A	0000	18
		_main          		CODE           	015C	0000	164
		_Delay_ms      		CODE           	013B	0000	34

main3.c estimated size: 216

shared
		__initialization		ENTRY          	0003	0000	1

shared estimated size: 1

