Microchip MPLAB XC8 Compiler V1.33 ()

Linker command line:

--edf=/Applications/microchip/xc8/v1.33/dat/en_msgs.txt -cs \
  -h+dist/XC8_PIC10F222/debug/pic10_c_servo.X.debug.sym \
  --cmf=dist/XC8_PIC10F222/debug/pic10_c_servo.X.debug.cmf -z -Q10F222 \
  -o/tmp/cgtdiuC3K -Mdist/XC8_PIC10F222/debug/pic10_c_servo.X.debug.map -E1 \
  -ver=XC8 -ASTACK=013h-01bh -pstack=STACK -ACODE=00h-01FEh \
  -AENTRY=00h-0FFh-01FEh -ASTRING=00h-0FFh -ASTRCODE=00h-01FEh \
  -ABANK0=09h-01Dh -ARAM=09h-01Dh -AABS1=09h-01Fh -ACOMMON=01Ch-01Fh \
  -ASFR0=00h-08h \
  -preset_vec=01ffh,reset_wrap=0h,init,end_init,cinit,clrtext \
  -ppowerup=CODE -pfunctab=ENTRY -ACONFIG=0FFFh-0FFFh -pconfig=CONFIG \
  -DCONFIG=2 -AIDLOC=0200h-0203h -pidloc=IDLOC -DIDLOC=2 -pstrings=-STRING \
  -DCODE=2 -DSTRCODE=2 -DSTRING=2 -DCONST=2 -DENTRY=2 -k /tmp/cgtKnplw7.obj \
  dist/XC8_PIC10F222/debug/pic10_c_servo.X.debug.obj 

Object code version is 3.11

Machine type is 10F222



                Name                               Link     Load   Length Selector   Space Scale
/tmp/cgtKnplw7.obj
                end_init                              3        3        1        0       0
                reset_wrap                            0        0        3        0       0
                reset_vec                           1FF      1FF        1      3FE       0
                config                              FFF      FFF        1     1FFE       0
dist/XC8_PIC10F222/debug/pic10_c_servo.X.debug.obj
                cinit                                 4        4        2        0       0
                cstackBANK0                           9        9        A        9       1
                maintext                            163      163       9C      2C6       0

TOTAL           Name                               Link     Load   Length     Space
        CLASS   STACK          

        CLASS   CODE           
                reset_vec                           1FF      1FF        1         0
                maintext                            163      163       9C         0

        CLASS   ENTRY          
                end_init                              3        3        1         0
                cinit                                 4        4        2         0
                reset_wrap                            0        0        3         0

        CLASS   STRING         

        CLASS   STRCODE        

        CLASS   BANK0          
                cstackBANK0                           9        9        A         1

        CLASS   RAM            

        CLASS   ABS1           
                abs_s1                               1C       1C        4         1

        CLASS   COMMON         

        CLASS   SFR0           

        CLASS   CONFIG         
                config                              FFF      FFF        1         0

        CLASS   IDLOC          

        CLASS   CONST          



SEGMENTS        Name                           Load    Length   Top    Selector   Space  Class     Delta

                reset_wrap                     000000  000006  000006         0       0  ENTRY       2
                cstackBANK0                    000009  00000A  000013         9       1  BANK0       1
                maintext                       000163  00009C  0001FF       2C6       0  CODE        2
                reset_vec                      0001FF  000001  000200       3FE       0  CODE        2
                config                         000FFF  000001  001000      1FFE       0  CONFIG      2


UNUSED ADDRESS RANGES

        Name                Unused          Largest block    Delta
        BANK0            0013-001B              9           1
        CODE             0006-0162            15D           2
        ENTRY            0006-00FF+0063         FA           2
        IDLOC            0200-0203              4           2
        RAM              0013-001B              9           1
        SFR0             0000-0008              9           1
        STACK            0013-001B              9           1
        STRCODE          0006-0162            15D           2
        STRING           0006-00FF             FA           2

                                  Symbol Table

_ADON                    (abs)        0038
_ANS0                    (abs)        003E
_ANS1                    (abs)        003F
_CHS0                    (abs)        003A
_CHS1                    (abs)        003B
_GO                      (abs)        0039
_GP1                     (abs)        0031
_GP2                     (abs)        0032
_GP3                     (abs)        0033
_OPTION                  (abs)        0000
_TRISGPIO                (abs)        0006
__CFG_CP$OFF             (abs)        0000
__CFG_IOSCFS$8MHZ        (abs)        0000
__CFG_MCLRE$OFF          (abs)        0000
__CFG_MCPU$OFF           (abs)        0000
__CFG_WDTE$OFF           (abs)        0000
__Habs1                  abs1         0000
__Hbank0                 bank0        0000
__Hcinit                 cinit        0006
__Hclrtext               clrtext      0006
__Hcode                  code         0000
__Hcommon                common       0000
__Hconfig                config       1000
__HcstackBANK0           cstackBANK0  0000
__HcstackCOMMON          cstackCOMMON 0000
__Hend_init              end_init     0004
__Hfunctab               functab      0000
__Hidloc                 idloc        0000
__Hinit                  init         0003
__Hjmp_tab               jmp_tab      0000
__Hmaintext              maintext     0000
__Hpowerup               powerup      0000
__Hram                   ram          0000
__Hreset_vec             reset_vec    0200
__Hreset_wrap            reset_wrap   0003
__Hsfr0                  sfr0         0000
__Hspace_0               (abs)        1000
__Hspace_1               (abs)        0013
__Hspace_2               (abs)        0000
__Hstack                 stack        0000
__Hstrings               strings      0000
__Htext                  text         0000
__Labs1                  abs1         0000
__Lbank0                 bank0        0000
__Lcinit                 cinit        0004
__Lclrtext               clrtext      0006
__Lcode                  code         0000
__Lcommon                common       0000
__Lconfig                config       0FFF
__LcstackBANK0           cstackBANK0  0000
__LcstackCOMMON          cstackCOMMON 0000
__Lend_init              end_init     0003
__Lfunctab               functab      0000
__Lidloc                 idloc        0000
__Linit                  init         0003
__Ljmp_tab               jmp_tab      0000
__Lmaintext              maintext     0000
__Lpowerup               powerup      0000
__Lram                   ram          0000
__Lreset_vec             reset_vec    01FF
__Lreset_wrap            reset_wrap   0000
__Lsfr0                  sfr0         0000
__Lspace_0               (abs)        0000
__Lspace_1               (abs)        0000
__Lspace_2               (abs)        0000
__Lstack                 stack        0000
__Lstrings               strings      0000
__Ltext                  text         0000
__S0                     (abs)        1000
__S1                     (abs)        0013
__S2                     (abs)        0000
___int_sp                stack        0000
___latbits               (abs)        0000
___sp                    stack        0000
__end_of__initialization cinit        0004
__end_of_main            maintext     01FF
__initialization         cinit        0004
__pcstackBANK0           cstackBANK0  0009
__pcstackCOMMON          cstackCOMMON 0000
__pmaintext              maintext     0163
__size_of_main           (abs)        0000
_main                    maintext     0163
_nDONE                   (abs)        0039
btemp                    (abs)        001C
end_of_initialization    cinit        0004
ltemp                    (abs)        001C
ltemp0                   (abs)        001C
ltemp1                   (abs)        0020
ltemp2                   (abs)        0024
ltemp3                   (abs)        001E
main@max_width           cstackBANK0  0009
main@t                   cstackBANK0  0011
main@width               cstackBANK0  000D
reset_vec                reset_vec    01FF
stackhi                  (abs)        0000
stacklo                  (abs)        0000
start                    init         0003
start_initialization     cinit        0004
ttemp                    (abs)        001C
ttemp0                   (abs)        001C
ttemp1                   (abs)        001F
ttemp2                   (abs)        0022
ttemp3                   (abs)        0025
ttemp4                   (abs)        001D
wtemp                    (abs)        001C
wtemp0                   (abs)        001C
wtemp1                   (abs)        001E
wtemp2                   (abs)        0020
wtemp3                   (abs)        0022
wtemp4                   (abs)        0024
wtemp5                   (abs)        0026
wtemp6                   (abs)        001D


FUNCTION INFORMATION:

 *************** function _main *****************
 Defined at:
		line 21 in file "main.c"
 Parameters:    Size  Location     Type
		None
 Auto vars:     Size  Location     Type
  width           4    4[BANK0 ] long 
  max_width       4    0[BANK0 ] long 
  t               2    8[BANK0 ] int 
 Return value:  Size  Location     Type
		None               void
 Registers used:
		wreg, fsr0l, fsr0h, status,2, status,0, btemp+0, btemp+1, btemp+2, btemp+3
 Tracked objects:
		On entry : 
		On exit  : 
		Unchanged: 
 Data sizes:     COMMON   BANK0
      Params:         0       0
      Locals:         0      10
      Temps:          0       0
      Totals:         0      10
Total ram usage:       10 bytes
 This function calls:
		Nothing
 This function is called by:
		Startup code after reset
 This function uses a non-reentrant model



MODULE INFORMATION

Module		Function		Class		Link	Load	Size
shared
		__initializatio		ENTRY          	0004	0000	0

shared estimated size: 0

main.c
		_main          		CODE           	0163	0000	156

main.c estimated size: 156

